
Running 2 tests using 1 worker

  Γ£ÿ  1 tests\app.spec.js:3:1 ΓÇ║ user can navigate to Inventory (461ms)
  Γ£ÿ  2 tests\app.spec.js:13:1 ΓÇ║ user can open modal (448ms)


  1) tests\app.spec.js:3:1 ΓÇ║ user can navigate to Inventory ΓöÇΓöÇΓöÇΓöÇΓöÇΓöÇΓöÇΓöÇΓöÇΓöÇΓöÇΓöÇΓöÇΓöÇΓöÇΓöÇΓöÇΓöÇΓöÇΓöÇΓöÇΓöÇΓöÇΓöÇΓöÇΓöÇΓöÇΓöÇΓöÇΓöÇΓöÇΓöÇΓöÇΓöÇΓöÇΓöÇΓöÇΓöÇΓöÇΓöÇ

    Error: locator.click: Error: strict mode violation: getByText('Inventory') resolved to 3 elements:
        1) <span class="hidden lg:inline">Inventory</span> aka getByRole('button', { name: 'Inventory' })
        2) <p class="text-xs font-semibold text-slate-400">Items in inventory</p> aka getByText('Items in inventory')
        3) <h3 class="text-base font-bold text-slate-800">Inventory by Category</h3> aka getByRole('heading', { name: 'Inventory by Category' })

    Call log:
    [2m  - waiting for getByText('Inventory')[22m


       5 |
       6 |   // α╕äα╕Ñα╕┤α╕üα╣Çα╕íα╕Öα╕╣ Inventory
    >  7 |   await page.getByText("Inventory").click();
         |                                     ^
       8 |
       9 |   // α╣Çα╕èα╣çα╕äα╕ºα╣êα╕▓α╕éα╕╢α╣ëα╕Öα╕½α╕▒α╕ºα╕éα╣ëα╕¡ Inventory Categories (α╣Çα╕Öα╕╖α╣êα╕¡α╕çα╕êα╕▓α╕üα╣üα╕¡α╕¢α╣äα╕íα╣êα╣äα╕öα╣ëα╣âα╕èα╣ë Routing α╣üα╕òα╣êα╣âα╕èα╣ë State)
      10 |   await expect(page.getByText("Inventory Categories")).toBeVisible();
        at D:\Stock\frontend\tests\app.spec.js:7:37

    Error Context: test-results\app-user-can-navigate-to-Inventory\error-context.md

  2) tests\app.spec.js:13:1 ΓÇ║ user can open modal ΓöÇΓöÇΓöÇΓöÇΓöÇΓöÇΓöÇΓöÇΓöÇΓöÇΓöÇΓöÇΓöÇΓöÇΓöÇΓöÇΓöÇΓöÇΓöÇΓöÇΓöÇΓöÇΓöÇΓöÇΓöÇΓöÇΓöÇΓöÇΓöÇΓöÇΓöÇΓöÇΓöÇΓöÇΓöÇΓöÇΓöÇΓöÇΓöÇΓöÇΓöÇΓöÇΓöÇΓöÇΓöÇΓöÇΓöÇΓöÇΓöÇΓöÇ

    Error: locator.click: Error: strict mode violation: getByText('Inventory') resolved to 3 elements:
        1) <span class="hidden lg:inline">Inventory</span> aka getByRole('button', { name: 'Inventory' })
        2) <p class="text-xs font-semibold text-slate-400">Items in inventory</p> aka getByText('Items in inventory')
        3) <h3 class="text-base font-bold text-slate-800">Inventory by Category</h3> aka getByRole('heading', { name: 'Inventory by Category' })

    Call log:
    [2m  - waiting for getByText('Inventory')[22m


      15 |
      16 |   // α╣äα╕¢α╕ùα╕╡α╣êα╕½α╕Öα╣ëα╕▓ Inventory α╕üα╣êα╕¡α╕Ö
    > 17 |   await page.getByText("Inventory").click();
         |                                     ^
      18 |
      19 |   // α╣âα╕Öα╕½α╕Öα╣ëα╕▓ Categories α╕êα╕░α╕íα╕╡α╕¢α╕╕α╣êα╕í Add Category
      20 |   await page.getByRole("button", { name: /add/i }).click();
        at D:\Stock\frontend\tests\app.spec.js:17:37

    Error Context: test-results\app-user-can-open-modal\error-context.md

  2 failed
    tests\app.spec.js:3:1 ΓÇ║ user can navigate to Inventory ΓöÇΓöÇΓöÇΓöÇΓöÇΓöÇΓöÇΓöÇΓöÇΓöÇΓöÇΓöÇΓöÇΓöÇΓöÇΓöÇΓöÇΓöÇΓöÇΓöÇΓöÇΓöÇΓöÇΓöÇΓöÇΓöÇΓöÇΓöÇΓöÇΓöÇΓöÇΓöÇΓöÇΓöÇΓöÇΓöÇΓöÇΓöÇΓöÇΓöÇΓöÇ
    tests\app.spec.js:13:1 ΓÇ║ user can open modal ΓöÇΓöÇΓöÇΓöÇΓöÇΓöÇΓöÇΓöÇΓöÇΓöÇΓöÇΓöÇΓöÇΓöÇΓöÇΓöÇΓöÇΓöÇΓöÇΓöÇΓöÇΓöÇΓöÇΓöÇΓöÇΓöÇΓöÇΓöÇΓöÇΓöÇΓöÇΓöÇΓöÇΓöÇΓöÇΓöÇΓöÇΓöÇΓöÇΓöÇΓöÇΓöÇΓöÇΓöÇΓöÇΓöÇΓöÇΓöÇΓöÇΓöÇΓöÇ
